
Chapter 1
a,b,d
'def',1.1,1
'def',1.1,4
'mno',4.4,2
a,b,d
'def',1.1,1
'def',1.1,4
'mno',4.4,2
a,b,d
'def',1.1,1
'def',1.1,4
'mno',4.4,2
a,b,d
'def',1.1,1
'def',1.1,4
'mno',4.4,2
a,b,d
'def',1.1,1
'def',1.1,4
'mno',4.4,2
a,b,d
'def',1.1,1
'def',1.1,4
'mno',4.4,2
a,b,d
'def',1.1,1
'def',1.1,4
'mno',4.4,2
a,b,i,d,j
'def',1.1,1,1,1
'def',1.1,1,4,4
'mno',4.4,4,2,2
a,b,i,d,j
'def',1.1,1,1,1
'def',1.1,1,4,4
'mno',4.4,4,2,2
a,b,i,d,j
'def',1.1,1,1,1
'def',1.1,1,4,4
'mno',4.4,4,2,2
a,b,i,d,j
'def',1.1,1,1,1
'def',1.1,1,4,4
'mno',4.4,4,2,2
a,b,i,d,j
'def',1.1,1,1,1
'def',1.1,1,4,4
'mno',4.4,4,2,2
a,b,i,d,j
'def',1.1,1,1,1
'def',1.1,1,4,4
'mno',4.4,4,2,2

Chapter 2
c,d,b
'def',1,1.1
'def',4,1.1
'mno',2,4.4
c,d,b
'def',1,1.1
'def',4,1.1
'mno',2,4.4
c,d,b
'def',1,1.1
'def',4,1.1
'mno',2,4.4
c,d,b
'def',1,1.1
'def',4,1.1
'mno',2,4.4
c,d,b
'def',1,1.1
'def',4,1.1
'mno',2,4.4
c,d,b
'def',1,1.1
'def',4,1.1
'mno',2,4.4
c,d,b
'def',1,1.1
'def',4,1.1
'mno',2,4.4
c,d,j,b,i
'def',1,1,1.1,1
'def',4,4,1.1,1
'mno',2,2,4.4,4
c,d,j,b,i
'def',1,1,1.1,1
'def',4,4,1.1,1
'mno',2,2,4.4,4
c,d,j,b,i
'def',1,1,1.1,1
'def',4,4,1.1,1
'mno',2,2,4.4,4
c,d,j,b,i
'def',1,1,1.1,1
'def',4,4,1.1,1
'mno',2,2,4.4,4
c,d,j,b,i
'def',1,1,1.1,1
'def',4,4,1.1,1
'mno',2,2,4.4,4
c,d,j,b,i
'def',1,1,1.1,1
'def',4,4,1.1,1
'mno',2,2,4.4,4

Chapter 3
a,i,b,d
'def',1,1.1,1
a,i,b,d
'def',1,1.1,1
a,i,b,d
'def',1,1.1,1
a,i,b,d
'def',1,1.1,1
a,i,b,d
'def',1,1.1,1
a,i,b,d
'def',1,1.1,1
a,i,b,d
'def',1,1.1,1
a,i,b,d
'def',1,1.1,1
a,i,b,d
'def',1,1.1,1
a,i,b,d
'def',1,1.1,1
a,i,b,d
'def',1,1.1,1
a,i,b,d
'def',1,1.1,1
a,i,b,d
'def',1,1.1,1

Chapter 4
j,c,d,b
1,'def',1,1.1
j,c,d,b
1,'def',1,1.1
j,c,d,b
1,'def',1,1.1
j,c,d,b
1,'def',1,1.1
j,c,d,b
1,'def',1,1.1
j,c,d,b
1,'def',1,1.1
j,c,d,b
1,'def',1,1.1
j,c,d,b
1,'def',1,1.1
j,c,d,b
1,'def',1,1.1
j,c,d,b
1,'def',1,1.1
j,c,d,b
1,'def',1,1.1
j,c,d,b
1,'def',1,1.1
j,c,d,b
1,'def',1,1.1

Chapter 5
i,a,b,c
1,'def',1.1,'def'
2,'ghi',2.2,'mno'
3,'jkl',3.3,null
4,'mno',4.4,'def'
i,a,b,c
1,'def',1.1,'def'
2,'ghi',2.2,'mno'
3,'jkl',3.3,null
4,'mno',4.4,'def'
i,a,b,c
1,'def',1.1,'def'
2,'ghi',2.2,'mno'
3,'jkl',3.3,null
4,'mno',4.4,'def'
i,a,b,c
1,'def',1.1,'def'
2,'ghi',2.2,'mno'
3,'jkl',3.3,null
4,'mno',4.4,'def'
i,a,b,c
1,'def',1.1,'def'
2,'ghi',2.2,'mno'
3,'jkl',3.3,null
4,'mno',4.4,'def'
i,a,b,c
1,'def',1.1,'def'
2,'ghi',2.2,'mno'
3,'jkl',3.3,null
4,'mno',4.4,'def'
i,a,b,c
1,'def',1.1,'def'
2,'ghi',2.2,'mno'
3,'jkl',3.3,null
4,'mno',4.4,'def'
i,a,b,c,j
1,'def',1.1,'def',1
2,'ghi',2.2,'mno',2
3,'jkl',3.3,null,3
4,'mno',4.4,'def',4
i,a,b,c,j
1,'def',1.1,'def',1
2,'ghi',2.2,'mno',2
3,'jkl',3.3,null,3
4,'mno',4.4,'def',4
i,a,b,c,j
1,'def',1.1,'def',1
2,'ghi',2.2,'mno',2
3,'jkl',3.3,null,3
4,'mno',4.4,'def',4
i,a,b,c,j
1,'def',1.1,'def',1
2,'ghi',2.2,'mno',2
3,'jkl',3.3,null,3
4,'mno',4.4,'def',4

Chapter 6
d,c,a,b
1,'def','def',1.1
2,'mno','ghi',2.2
3,null,'jkl',3.3
4,'def','mno',4.4
d,c,a,b
1,'def','def',1.1
2,'mno','ghi',2.2
3,null,'jkl',3.3
4,'def','mno',4.4
d,c,a,b
1,'def','def',1.1
2,'mno','ghi',2.2
3,null,'jkl',3.3
4,'def','mno',4.4
d,c,a,b
1,'def','def',1.1
2,'mno','ghi',2.2
3,null,'jkl',3.3
4,'def','mno',4.4
d,c,a,b
1,'def','def',1.1
2,'mno','ghi',2.2
3,null,'jkl',3.3
4,'def','mno',4.4
d,c,a,b
1,'def','def',1.1
2,'mno','ghi',2.2
3,null,'jkl',3.3
4,'def','mno',4.4
d,c,a,b
1,'def','def',1.1
2,'mno','ghi',2.2
3,null,'jkl',3.3
4,'def','mno',4.4
d,c,j,a,b
1,'def',1,'def',1.1
2,'mno',2,'ghi',2.2
3,null,3,'jkl',3.3
4,'def',4,'mno',4.4
d,c,j,a,b
1,'def',1,'def',1.1
2,'mno',2,'ghi',2.2
3,null,3,'jkl',3.3
4,'def',4,'mno',4.4
d,c,j,a,b
1,'def',1,'def',1.1
2,'mno',2,'ghi',2.2
3,null,3,'jkl',3.3
4,'def',4,'mno',4.4
d,c,j,a,b
1,'def',1,'def',1.1
2,'mno',2,'ghi',2.2
3,null,3,'jkl',3.3
4,'def',4,'mno',4.4
d,c,j,a,b
1,'def',1,'def',1.1
2,'mno',2,'ghi',2.2
3,null,3,'jkl',3.3
4,'def',4,'mno',4.4
d,c,j,a,b
1,'def',1,'def',1.1
2,'mno',2,'ghi',2.2
3,null,3,'jkl',3.3
4,'def',4,'mno',4.4

Chapter 7
d,c,a,b
1,'def','def',1.1
d,c,a,b
1,'def','def',1.1
d,c,a,b
1,'def','def',1.1
d,c,a,b
1,'def','def',1.1
d,c,a,b
1,'def','def',1.1
d,c,a,b
1,'def','def',1.1
d,c,a,b
1,'def','def',1.1
d,c,j,a,b
4,'def',4,'mno',4.4
d,c,j,a,b
4,'def',4,'mno',4.4
d,c,j,a,b
4,'def',4,'mno',4.4
d,c,j,a,b
4,'def',4,'mno',4.4
d,c,j,a,b
4,'def',4,'mno',4.4
d,c,j,a,b
4,'def',4,'mno',4.4

Chapter 8
j,c,d,b
1,'def',1,1.1
j,c,d,b
1,'def',1,1.1

Chapter 9
a,b,d
'def',1.1,1
'def',1.1,4
'mno',4.4,2
a,b,d
'def',1.1,1
'def',1.1,4
'mno',4.4,2
a,b,d
'def',1.1,1
'def',1.1,4
'mno',4.4,2
a,b,d
'def',1.1,1
'def',1.1,4
'mno',4.4,2
a,b,d
'def',1.1,1
'def',1.1,4
'mno',4.4,2
a,b,d
'def',1.1,1
'def',1.1,4
'mno',4.4,2
a,b,d
'def',1.1,1
'def',1.1,4
'mno',4.4,2
a,b,i,d,j
'def',1.1,1,1,1
'def',1.1,1,4,4
'mno',4.4,4,2,2
a,b,i,d,j
'def',1.1,1,1,1
'def',1.1,1,4,4
'mno',4.4,4,2,2
a,b,i,d,j
'def',1.1,1,1,1
'def',1.1,1,4,4
'mno',4.4,4,2,2
a,b,i,d,j
'def',1.1,1,1,1
'def',1.1,1,4,4
'mno',4.4,4,2,2
a,b,i,d,j
'def',1.1,1,1,1
'def',1.1,1,4,4
'mno',4.4,4,2,2
a,b,i,d,j
'def',1.1,1,1,1
'def',1.1,1,4,4
'mno',4.4,4,2,2

Chapter 10
c,d,b
'def',1,1.1
'def',4,1.1
'mno',2,4.4
c,d,b
'def',1,1.1
'def',4,1.1
'mno',2,4.4
c,d,b
'def',1,1.1
'def',4,1.1
'mno',2,4.4
c,d,b
'def',1,1.1
'def',4,1.1
'mno',2,4.4
c,d,b
'def',1,1.1
'def',4,1.1
'mno',2,4.4
c,d,b
'def',1,1.1
'def',4,1.1
'mno',2,4.4
c,d,b
'def',1,1.1
'def',4,1.1
'mno',2,4.4
c,d,j,b,i
'def',1,1,1.1,1
'def',4,4,1.1,1
'mno',2,2,4.4,4
c,d,j,b,i
'def',1,1,1.1,1
'def',4,4,1.1,1
'mno',2,2,4.4,4
c,d,j,b,i
'def',1,1,1.1,1
'def',4,4,1.1,1
'mno',2,2,4.4,4
c,d,j,b,i
'def',1,1,1.1,1
'def',4,4,1.1,1
'mno',2,2,4.4,4
c,d,j,b,i
'def',1,1,1.1,1
'def',4,4,1.1,1
'mno',2,2,4.4,4
c,d,j,b,i
'def',1,1,1.1,1
'def',4,4,1.1,1
'mno',2,2,4.4,4

Chapter 11
a,i,b,d
'def',1,1.1,1
a,i,b,d
'def',1,1.1,1
a,i,b,d
'def',1,1.1,1
a,i,b,d
'def',1,1.1,1
a,i,b,d
'def',1,1.1,1
a,i,b,d
'def',1,1.1,1
a,i,b,d
'def',1,1.1,1
a,i,b,d
'def',1,1.1,1
a,i,b,d
'def',1,1.1,1
a,i,b,d
'def',1,1.1,1
a,i,b,d
'def',1,1.1,1
a,i,b,d
'def',1,1.1,1
a,i,b,d
'def',1,1.1,1

Chapter 12
j,c,d,b
1,'def',1,1.1
j,c,d,b
1,'def',1,1.1
j,c,d,b
1,'def',1,1.1
j,c,d,b
1,'def',1,1.1
j,c,d,b
1,'def',1,1.1
j,c,d,b
1,'def',1,1.1
j,c,d,b
1,'def',1,1.1
j,c,d,b
1,'def',1,1.1
j,c,d,b
1,'def',1,1.1
j,c,d,b
1,'def',1,1.1
j,c,d,b
1,'def',1,1.1
j,c,d,b
1,'def',1,1.1
j,c,d,b
1,'def',1,1.1

Chapter 13
i,a,b,c
1,'def',1.1,'def'
2,'ghi',2.2,'mno'
3,'jkl',3.3,null
4,'mno',4.4,'def'
i,a,b,c
1,'def',1.1,'def'
2,'ghi',2.2,'mno'
3,'jkl',3.3,null
4,'mno',4.4,'def'
i,a,b,c
1,'def',1.1,'def'
2,'ghi',2.2,'mno'
3,'jkl',3.3,null
4,'mno',4.4,'def'
i,a,b,c
1,'def',1.1,'def'
2,'ghi',2.2,'mno'
3,'jkl',3.3,null
4,'mno',4.4,'def'
i,a,b,c
1,'def',1.1,'def'
2,'ghi',2.2,'mno'
3,'jkl',3.3,null
4,'mno',4.4,'def'
i,a,b,c
1,'def',1.1,'def'
2,'ghi',2.2,'mno'
3,'jkl',3.3,null
4,'mno',4.4,'def'
i,a,b,c
1,'def',1.1,'def'
2,'ghi',2.2,'mno'
3,'jkl',3.3,null
4,'mno',4.4,'def'
i,a,b,c,j
1,'def',1.1,'def',1
2,'ghi',2.2,'mno',2
3,'jkl',3.3,null,3
4,'mno',4.4,'def',4
i,a,b,c,j
1,'def',1.1,'def',1
2,'ghi',2.2,'mno',2
3,'jkl',3.3,null,3
4,'mno',4.4,'def',4
i,a,b,c,j
1,'def',1.1,'def',1
2,'ghi',2.2,'mno',2
3,'jkl',3.3,null,3
4,'mno',4.4,'def',4
i,a,b,c,j
1,'def',1.1,'def',1
2,'ghi',2.2,'mno',2
3,'jkl',3.3,null,3
4,'mno',4.4,'def',4

Chapter 14
d,c,a,b
1,'def','def',1.1
2,'mno','ghi',2.2
3,null,'jkl',3.3
4,'def','mno',4.4
d,c,a,b
1,'def','def',1.1
2,'mno','ghi',2.2
3,null,'jkl',3.3
4,'def','mno',4.4
d,c,a,b
1,'def','def',1.1
2,'mno','ghi',2.2
3,null,'jkl',3.3
4,'def','mno',4.4
d,c,a,b
1,'def','def',1.1
2,'mno','ghi',2.2
3,null,'jkl',3.3
4,'def','mno',4.4
d,c,a,b
1,'def','def',1.1
2,'mno','ghi',2.2
3,null,'jkl',3.3
4,'def','mno',4.4
d,c,a,b
1,'def','def',1.1
2,'mno','ghi',2.2
3,null,'jkl',3.3
4,'def','mno',4.4
d,c,a,b
1,'def','def',1.1
2,'mno','ghi',2.2
3,null,'jkl',3.3
4,'def','mno',4.4
d,c,j,a,b
1,'def',1,'def',1.1
2,'mno',2,'ghi',2.2
3,null,3,'jkl',3.3
4,'def',4,'mno',4.4
d,c,j,a,b
1,'def',1,'def',1.1
2,'mno',2,'ghi',2.2
3,null,3,'jkl',3.3
4,'def',4,'mno',4.4
d,c,j,a,b
1,'def',1,'def',1.1
2,'mno',2,'ghi',2.2
3,null,3,'jkl',3.3
4,'def',4,'mno',4.4
d,c,j,a,b
1,'def',1,'def',1.1
2,'mno',2,'ghi',2.2
3,null,3,'jkl',3.3
4,'def',4,'mno',4.4
d,c,j,a,b
1,'def',1,'def',1.1
2,'mno',2,'ghi',2.2
3,null,3,'jkl',3.3
4,'def',4,'mno',4.4
d,c,j,a,b
1,'def',1,'def',1.1
2,'mno',2,'ghi',2.2
3,null,3,'jkl',3.3
4,'def',4,'mno',4.4

Chapter 15
d,c,a,b
1,'def','def',1.1
d,c,a,b
1,'def','def',1.1
d,c,a,b
1,'def','def',1.1
d,c,a,b
1,'def','def',1.1
d,c,a,b
1,'def','def',1.1
d,c,a,b
1,'def','def',1.1
d,c,a,b
1,'def','def',1.1
d,c,j,a,b
4,'def',4,'mno',4.4
d,c,j,a,b
4,'def',4,'mno',4.4
d,c,j,a,b
4,'def',4,'mno',4.4
d,c,j,a,b
4,'def',4,'mno',4.4
d,c,j,a,b
4,'def',4,'mno',4.4
d,c,j,a,b
4,'def',4,'mno',4.4

Chapter 16
j,c,d,b
1,'def',1,1.1
j,c,d,b
1,'def',1,1.1

Chapter 17
a,b,d
'def',1.1,1
'def',1.1,4
'mno',4.4,2
a,b,d
'def',1.1,1
'def',1.1,4
'mno',4.4,2
a,b,d
'def',1.1,1
'def',1.1,4
'mno',4.4,2
a,b,d
'def',1.1,1
'def',1.1,4
'mno',4.4,2
a,b,d
'def',1.1,1
'def',1.1,4
'mno',4.4,2
a,b,d
'def',1.1,1
'def',1.1,4
'mno',4.4,2
a,b,d
'def',1.1,1
'def',1.1,4
'mno',4.4,2
a,b,i,d,j
'def',1.1,1,1,1
'def',1.1,1,4,4
'mno',4.4,4,2,2
a,b,i,d,j
'def',1.1,1,1,1
'def',1.1,1,4,4
'mno',4.4,4,2,2
a,b,i,d,j
'def',1.1,1,1,1
'def',1.1,1,4,4
'mno',4.4,4,2,2
a,b,i,d,j
'def',1.1,1,1,1
'def',1.1,1,4,4
'mno',4.4,4,2,2
a,b,i,d,j
'def',1.1,1,1,1
'def',1.1,1,4,4
'mno',4.4,4,2,2
a,b,i,d,j
'def',1.1,1,1,1
'def',1.1,1,4,4
'mno',4.4,4,2,2

Chapter 18
c,d,b
'def',1,1.1
'def',4,1.1
'mno',2,4.4
c,d,b
'def',1,1.1
'def',4,1.1
'mno',2,4.4
c,d,b
'def',1,1.1
'def',4,1.1
'mno',2,4.4
c,d,b
'def',1,1.1
'def',4,1.1
'mno',2,4.4
c,d,b
'def',1,1.1
'def',4,1.1
'mno',2,4.4
c,d,b
'def',1,1.1
'def',4,1.1
'mno',2,4.4
c,d,b
'def',1,1.1
'def',4,1.1
'mno',2,4.4
c,d,j,b,i
'def',1,1,1.1,1
'def',4,4,1.1,1
'mno',2,2,4.4,4
c,d,j,b,i
'def',1,1,1.1,1
'def',4,4,1.1,1
'mno',2,2,4.4,4
c,d,j,b,i
'def',1,1,1.1,1
'def',4,4,1.1,1
'mno',2,2,4.4,4
c,d,j,b,i
'def',1,1,1.1,1
'def',4,4,1.1,1
'mno',2,2,4.4,4
c,d,j,b,i
'def',1,1,1.1,1
'def',4,4,1.1,1
'mno',2,2,4.4,4
c,d,j,b,i
'def',1,1,1.1,1
'def',4,4,1.1,1
'mno',2,2,4.4,4

Chapter 19
a,i,b,d
'def',1,1.1,1
a,i,b,d
'def',1,1.1,1
a,i,b,d
'def',1,1.1,1
a,i,b,d
'def',1,1.1,1
a,i,b,d
'def',1,1.1,1
a,i,b,d
'def',1,1.1,1
a,i,b,d
'def',1,1.1,1
a,i,b,d
'def',1,1.1,1
a,i,b,d
'def',1,1.1,1
a,i,b,d
'def',1,1.1,1
a,i,b,d
'def',1,1.1,1
a,i,b,d
'def',1,1.1,1
a,i,b,d
'def',1,1.1,1

Chapter 20
j,c,d,b
1,'def',1,1.1
j,c,d,b
1,'def',1,1.1
j,c,d,b
1,'def',1,1.1
j,c,d,b
1,'def',1,1.1
j,c,d,b
1,'def',1,1.1
j,c,d,b
1,'def',1,1.1
j,c,d,b
1,'def',1,1.1
j,c,d,b
1,'def',1,1.1
j,c,d,b
1,'def',1,1.1
j,c,d,b
1,'def',1,1.1
j,c,d,b
1,'def',1,1.1
j,c,d,b
1,'def',1,1.1
j,c,d,b
1,'def',1,1.1

Chapter 21
i,a,b,c
1,'def',1.1,'def'
2,'ghi',2.2,'mno'
3,'jkl',3.3,null
4,'mno',4.4,'def'
i,a,b,c
1,'def',1.1,'def'
2,'ghi',2.2,'mno'
3,'jkl',3.3,null
4,'mno',4.4,'def'
i,a,b,c
1,'def',1.1,'def'
2,'ghi',2.2,'mno'
3,'jkl',3.3,null
4,'mno',4.4,'def'
i,a,b,c
1,'def',1.1,'def'
2,'ghi',2.2,'mno'
3,'jkl',3.3,null
4,'mno',4.4,'def'
i,a,b,c
1,'def',1.1,'def'
2,'ghi',2.2,'mno'
3,'jkl',3.3,null
4,'mno',4.4,'def'
i,a,b,c
1,'def',1.1,'def'
2,'ghi',2.2,'mno'
3,'jkl',3.3,null
4,'mno',4.4,'def'
i,a,b,c
1,'def',1.1,'def'
2,'ghi',2.2,'mno'
3,'jkl',3.3,null
4,'mno',4.4,'def'
i,a,b,c,j
1,'def',1.1,'def',1
2,'ghi',2.2,'mno',2
3,'jkl',3.3,null,3
4,'mno',4.4,'def',4
i,a,b,c,j
1,'def',1.1,'def',1
2,'ghi',2.2,'mno',2
3,'jkl',3.3,null,3
4,'mno',4.4,'def',4
i,a,b,c,j
1,'def',1.1,'def',1
2,'ghi',2.2,'mno',2
3,'jkl',3.3,null,3
4,'mno',4.4,'def',4
i,a,b,c,j
1,'def',1.1,'def',1
2,'ghi',2.2,'mno',2
3,'jkl',3.3,null,3
4,'mno',4.4,'def',4

Chapter 22
d,c,a,b
1,'def','def',1.1
2,'mno','ghi',2.2
3,null,'jkl',3.3
4,'def','mno',4.4
d,c,a,b
1,'def','def',1.1
2,'mno','ghi',2.2
3,null,'jkl',3.3
4,'def','mno',4.4
d,c,a,b
1,'def','def',1.1
2,'mno','ghi',2.2
3,null,'jkl',3.3
4,'def','mno',4.4
d,c,a,b
1,'def','def',1.1
2,'mno','ghi',2.2
3,null,'jkl',3.3
4,'def','mno',4.4
d,c,a,b
1,'def','def',1.1
2,'mno','ghi',2.2
3,null,'jkl',3.3
4,'def','mno',4.4
d,c,a,b
1,'def','def',1.1
2,'mno','ghi',2.2
3,null,'jkl',3.3
4,'def','mno',4.4
d,c,a,b
1,'def','def',1.1
2,'mno','ghi',2.2
3,null,'jkl',3.3
4,'def','mno',4.4
d,c,j,a,b
1,'def',1,'def',1.1
2,'mno',2,'ghi',2.2
3,null,3,'jkl',3.3
4,'def',4,'mno',4.4
d,c,j,a,b
1,'def',1,'def',1.1
2,'mno',2,'ghi',2.2
3,null,3,'jkl',3.3
4,'def',4,'mno',4.4
d,c,j,a,b
1,'def',1,'def',1.1
2,'mno',2,'ghi',2.2
3,null,3,'jkl',3.3
4,'def',4,'mno',4.4
d,c,j,a,b
1,'def',1,'def',1.1
2,'mno',2,'ghi',2.2
3,null,3,'jkl',3.3
4,'def',4,'mno',4.4
d,c,j,a,b
1,'def',1,'def',1.1
2,'mno',2,'ghi',2.2
3,null,3,'jkl',3.3
4,'def',4,'mno',4.4
d,c,j,a,b
1,'def',1,'def',1.1
2,'mno',2,'ghi',2.2
3,null,3,'jkl',3.3
4,'def',4,'mno',4.4

Chapter 23
d,c,a,b
1,'def','def',1.1
d,c,a,b
1,'def','def',1.1
d,c,a,b
1,'def','def',1.1
d,c,a,b
1,'def','def',1.1
d,c,a,b
1,'def','def',1.1
d,c,a,b
1,'def','def',1.1
d,c,a,b
1,'def','def',1.1
d,c,j,a,b
4,'def',4,'mno',4.4
d,c,j,a,b
4,'def',4,'mno',4.4
d,c,j,a,b
4,'def',4,'mno',4.4
d,c,j,a,b
4,'def',4,'mno',4.4
d,c,j,a,b
4,'def',4,'mno',4.4
d,c,j,a,b
4,'def',4,'mno',4.4

Chapter 24
j,c,d,b
1,'def',1,1.1
j,c,d,b
1,'def',1,1.1

Chapter 25
a,b,d
null,0,null
'def',1.1,1
'def',1.1,4
'ghi',2.2,null
'jkl',3.3,null
'mno',4.4,2
a,b,d
null,0,null
'def',1.1,1
'def',1.1,4
'ghi',2.2,null
'jkl',3.3,null
'mno',4.4,2
a,b,d
null,0,null
'def',1.1,1
'def',1.1,4
'ghi',2.2,null
'jkl',3.3,null
'mno',4.4,2
a,b,d
null,0,null
'def',1.1,1
'def',1.1,4
'ghi',2.2,null
'jkl',3.3,null
'mno',4.4,2
a,b,d
null,0,null
'def',1.1,1
'def',1.1,4
'ghi',2.2,null
'jkl',3.3,null
'mno',4.4,2
a,b,d
null,0,null
'def',1.1,1
'def',1.1,4
'ghi',2.2,null
'jkl',3.3,null
'mno',4.4,2

Chapter 26
a,b,d
null,null,3
'def',1.1,1
'def',1.1,4
'mno',4.4,2
a,b,d
null,null,3
'def',1.1,1
'def',1.1,4
'mno',4.4,2
a,b,d
null,null,3
'def',1.1,1
'def',1.1,4
'mno',4.4,2
a,b,d
null,null,3
'def',1.1,1
'def',1.1,4
'mno',4.4,2
a,b,d
null,null,3
'def',1.1,1
'def',1.1,4
'mno',4.4,2
a,b,d
null,null,3
'def',1.1,1
'def',1.1,4
'mno',4.4,2

Chapter 27
j,c,d,b
1,'def',1,1.1
2,'mno',2,null
3,null,3,null
4,'def',4,null
j,c,d,b
1,'def',1,1.1
2,'mno',2,null
3,null,3,null
4,'def',4,null
j,c,d,b
1,'def',1,1.1
2,'mno',2,null
3,null,3,null
4,'def',4,null
j,c,d,b
1,'def',1,1.1
2,'mno',2,null
3,null,3,null
4,'def',4,null
j,c,d,b
1,'def',1,1.1
2,'mno',2,null
3,null,3,null
4,'def',4,null
j,c,d,b
1,'def',1,1.1
2,'mno',2,null
3,null,3,null
4,'def',4,null

Chapter 28
j,c,d,b
0,null,null,0
1,'def',1,1.1
2,'ghi',null,2.2
3,'jkl',null,3.3
4,'mno',null,4.4
j,c,d,b
0,null,null,0
1,'def',1,1.1
2,'ghi',null,2.2
3,'jkl',null,3.3
4,'mno',null,4.4
j,c,d,b
0,null,null,0
1,'def',1,1.1
2,'ghi',null,2.2
3,'jkl',null,3.3
4,'mno',null,4.4
j,c,d,b
0,null,null,0
1,'def',1,1.1
2,'ghi',null,2.2
3,'jkl',null,3.3
4,'mno',null,4.4
j,c,d,b
0,null,null,0
1,'def',1,1.1
2,'ghi',null,2.2
3,'jkl',null,3.3
4,'mno',null,4.4
j,c,d,b
0,null,null,0
1,'def',1,1.1
2,'ghi',null,2.2
3,'jkl',null,3.3
4,'mno',null,4.4

Chapter 29
a,i,b,j
null,0,0,null
null,3,null,3
'def',1,1.1,1
'def',4,null,4
'ghi',2,2.2,null
'jkl',3,3.3,null
'mno',2,null,2
'mno',4,4.4,null
a,i,b,j
null,0,0,null
null,3,null,3
'def',1,1.1,1
'def',4,null,4
'ghi',2,2.2,null
'jkl',3,3.3,null
'mno',2,null,2
'mno',4,4.4,null

Chapter 30
uv,w,x,y_,z
0,null,0,null,null
1,'def',1.1,'def',1
2,'ghi',2.2,'mno',2
3,'jkl',3.3,null,3
4,'mno',4.4,'def',4
i,a,b,c,d
0,null,0,null,null
1,'def',1.1,'def',1
2,'ghi',2.2,'mno',2
3,'jkl',3.3,null,3
4,'mno',4.4,'def',4
i,a,b,c,d
0,null,0,null,null
1,'def',1.1,'def',1
2,'ghi',2.2,'mno',2
3,'jkl',3.3,null,3
4,'mno',4.4,'def',4
